[2023-12-08T15:25:32.068+0000][gc] Using G1
[2023-12-08T15:25:32.085+0000][gc,init] Version: 17.0.8.1+1-LTS (release)
[2023-12-08T15:25:32.085+0000][gc,init] CPUs: 2 total, 2 available
[2023-12-08T15:25:32.085+0000][gc,init] Memory: 7929M
[2023-12-08T15:25:32.085+0000][gc,init] Large Page Support: Disabled
[2023-12-08T15:25:32.085+0000][gc,init] NUMA Support: Disabled
[2023-12-08T15:25:32.085+0000][gc,init] Compressed Oops: Enabled (32-bit)
[2023-12-08T15:25:32.085+0000][gc,init] Heap Region Size: 1M
[2023-12-08T15:25:32.085+0000][gc,init] Heap Min Capacity: 1G
[2023-12-08T15:25:32.085+0000][gc,init] Heap Initial Capacity: 1G
[2023-12-08T15:25:32.085+0000][gc,init] Heap Max Capacity: 1G
[2023-12-08T15:25:32.085+0000][gc,init] Pre-touch: Disabled
[2023-12-08T15:25:32.085+0000][gc,init] Parallel Workers: 2
[2023-12-08T15:25:32.085+0000][gc,init] Concurrent Workers: 1
[2023-12-08T15:25:32.085+0000][gc,init] Concurrent Refinement Workers: 2
[2023-12-08T15:25:32.085+0000][gc,init] Periodic GC: Disabled
[2023-12-08T15:25:32.092+0000][gc,metaspace] CDS archive(s) mapped at: [0x00007f4307000000-0x00007f4307beb000-0x00007f4307beb000), size 12496896, SharedBaseAddress: 0x00007f4307000000, ArchiveRelocationMode: 1.
[2023-12-08T15:25:32.092+0000][gc,metaspace] Compressed class space mapped at: 0x00007f4308000000-0x00007f4348000000, reserved size: 1073741824
[2023-12-08T15:25:32.092+0000][gc,metaspace] Narrow klass base: 0x00007f4307000000, Narrow klass shift: 0, Narrow klass range: 0x100000000
[2023-12-08T15:25:34.346+0000][gc,start    ] GC(0) Pause Young (Normal) (G1 Evacuation Pause)
[2023-12-08T15:25:34.347+0000][gc,task     ] GC(0) Using 2 workers of 2 for evacuation
[2023-12-08T15:25:34.356+0000][gc,phases   ] GC(0)   Pre Evacuate Collection Set: 0.4ms
[2023-12-08T15:25:34.356+0000][gc,phases   ] GC(0)   Merge Heap Roots: 0.1ms
[2023-12-08T15:25:34.356+0000][gc,phases   ] GC(0)   Evacuate Collection Set: 8.1ms
[2023-12-08T15:25:34.356+0000][gc,phases   ] GC(0)   Post Evacuate Collection Set: 0.5ms
[2023-12-08T15:25:34.356+0000][gc,phases   ] GC(0)   Other: 0.7ms
[2023-12-08T15:25:34.357+0000][gc,heap     ] GC(0) Eden regions: 51->0(44)
[2023-12-08T15:25:34.357+0000][gc,heap     ] GC(0) Survivor regions: 0->7(7)
[2023-12-08T15:25:34.357+0000][gc,heap     ] GC(0) Old regions: 0->0
[2023-12-08T15:25:34.357+0000][gc,heap     ] GC(0) Archive regions: 2->2
[2023-12-08T15:25:34.357+0000][gc,heap     ] GC(0) Humongous regions: 0->0
[2023-12-08T15:25:34.357+0000][gc,metaspace] GC(0) Metaspace: 19121K(19264K)->19121K(19264K) NonClass: 16577K(16640K)->16577K(16640K) Class: 2543K(2624K)->2543K(2624K)
[2023-12-08T15:25:34.357+0000][gc          ] GC(0) Pause Young (Normal) (G1 Evacuation Pause) 51M->7M(1024M) 10.485ms
[2023-12-08T15:25:34.357+0000][gc,cpu      ] GC(0) User=0.01s Sys=0.00s Real=0.01s
[2023-12-08T15:25:34.508+0000][gc,start    ] GC(1) Pause Young (Concurrent Start) (Metadata GC Threshold)
[2023-12-08T15:25:34.508+0000][gc,task     ] GC(1) Using 2 workers of 2 for evacuation
[2023-12-08T15:25:34.514+0000][gc,phases   ] GC(1)   Pre Evacuate Collection Set: 0.2ms
[2023-12-08T15:25:34.514+0000][gc,phases   ] GC(1)   Merge Heap Roots: 0.0ms
[2023-12-08T15:25:34.514+0000][gc,phases   ] GC(1)   Evacuate Collection Set: 5.8ms
[2023-12-08T15:25:34.514+0000][gc,phases   ] GC(1)   Post Evacuate Collection Set: 0.3ms
[2023-12-08T15:25:34.514+0000][gc,phases   ] GC(1)   Other: 0.2ms
[2023-12-08T15:25:34.514+0000][gc,heap     ] GC(1) Eden regions: 9->0(49)
[2023-12-08T15:25:34.514+0000][gc,heap     ] GC(1) Survivor regions: 7->2(7)
[2023-12-08T15:25:34.514+0000][gc,heap     ] GC(1) Old regions: 0->7
[2023-12-08T15:25:34.514+0000][gc,heap     ] GC(1) Archive regions: 2->2
[2023-12-08T15:25:34.514+0000][gc,heap     ] GC(1) Humongous regions: 129->129
[2023-12-08T15:25:34.514+0000][gc,metaspace] GC(1) Metaspace: 21302K(21504K)->21302K(21504K) NonClass: 18463K(18560K)->18463K(18560K) Class: 2838K(2944K)->2838K(2944K)
[2023-12-08T15:25:34.514+0000][gc          ] GC(1) Pause Young (Concurrent Start) (Metadata GC Threshold) 145M->137M(1024M) 6.772ms
[2023-12-08T15:25:34.514+0000][gc,cpu      ] GC(1) User=0.02s Sys=0.00s Real=0.00s
[2023-12-08T15:25:34.515+0000][gc          ] GC(2) Concurrent Mark Cycle
[2023-12-08T15:25:34.515+0000][gc,marking  ] GC(2) Concurrent Clear Claimed Marks
[2023-12-08T15:25:34.515+0000][gc,marking  ] GC(2) Concurrent Clear Claimed Marks 0.031ms
[2023-12-08T15:25:34.515+0000][gc,marking  ] GC(2) Concurrent Scan Root Regions
[2023-12-08T15:25:34.519+0000][gc,marking  ] GC(2) Concurrent Scan Root Regions 4.006ms
[2023-12-08T15:25:34.519+0000][gc,marking  ] GC(2) Concurrent Mark
[2023-12-08T15:25:34.519+0000][gc,marking  ] GC(2) Concurrent Mark From Roots
[2023-12-08T15:25:34.519+0000][gc,task     ] GC(2) Using 1 workers of 1 for marking
[2023-12-08T15:25:34.523+0000][gc,marking  ] GC(2) Concurrent Mark From Roots 4.281ms
[2023-12-08T15:25:34.523+0000][gc,marking  ] GC(2) Concurrent Preclean
[2023-12-08T15:25:34.523+0000][gc,marking  ] GC(2) Concurrent Preclean 0.067ms
[2023-12-08T15:25:34.524+0000][gc,start    ] GC(2) Pause Remark
[2023-12-08T15:25:34.526+0000][gc          ] GC(2) Pause Remark 138M->138M(1024M) 2.632ms
[2023-12-08T15:25:34.526+0000][gc,cpu      ] GC(2) User=0.00s Sys=0.00s Real=0.00s
[2023-12-08T15:25:34.526+0000][gc,marking  ] GC(2) Concurrent Mark 7.579ms
[2023-12-08T15:25:34.526+0000][gc,marking  ] GC(2) Concurrent Rebuild Remembered Sets
[2023-12-08T15:25:34.530+0000][gc,marking  ] GC(2) Concurrent Rebuild Remembered Sets 3.674ms
[2023-12-08T15:25:34.530+0000][gc,start    ] GC(2) Pause Cleanup
[2023-12-08T15:25:34.531+0000][gc          ] GC(2) Pause Cleanup 138M->138M(1024M) 0.190ms
[2023-12-08T15:25:34.531+0000][gc,cpu      ] GC(2) User=0.00s Sys=0.00s Real=0.00s
[2023-12-08T15:25:34.531+0000][gc,marking  ] GC(2) Concurrent Cleanup for Next Mark
[2023-12-08T15:25:34.534+0000][gc,marking  ] GC(2) Concurrent Cleanup for Next Mark 3.061ms
[2023-12-08T15:25:34.534+0000][gc          ] GC(2) Concurrent Mark Cycle 19.570ms
[2023-12-08T15:39:49.487+0000][gc,start    ] GC(3) Pause Young (Normal) (G1 Evacuation Pause)
[2023-12-08T15:39:49.487+0000][gc,task     ] GC(3) Using 2 workers of 2 for evacuation
[2023-12-08T15:39:49.493+0000][gc,phases   ] GC(3)   Pre Evacuate Collection Set: 0.5ms
[2023-12-08T15:39:49.493+0000][gc,phases   ] GC(3)   Merge Heap Roots: 0.1ms
[2023-12-08T15:39:49.493+0000][gc,phases   ] GC(3)   Evacuate Collection Set: 5.2ms
[2023-12-08T15:39:49.493+0000][gc,phases   ] GC(3)   Post Evacuate Collection Set: 0.4ms
[2023-12-08T15:39:49.493+0000][gc,phases   ] GC(3)   Other: 0.2ms
[2023-12-08T15:39:49.493+0000][gc,heap     ] GC(3) Eden regions: 49->0(46)
[2023-12-08T15:39:49.493+0000][gc,heap     ] GC(3) Survivor regions: 2->5(7)
[2023-12-08T15:39:49.493+0000][gc,heap     ] GC(3) Old regions: 7->7
[2023-12-08T15:39:49.493+0000][gc,heap     ] GC(3) Archive regions: 2->2
[2023-12-08T15:39:49.493+0000][gc,heap     ] GC(3) Humongous regions: 129->129
[2023-12-08T15:39:49.493+0000][gc,metaspace] GC(3) Metaspace: 32126K(32384K)->32126K(32384K) NonClass: 28320K(28480K)->28320K(28480K) Class: 3806K(3904K)->3806K(3904K)
[2023-12-08T15:39:49.493+0000][gc          ] GC(3) Pause Young (Normal) (G1 Evacuation Pause) 186M->141M(1024M) 6.536ms
[2023-12-08T15:39:49.493+0000][gc,cpu      ] GC(3) User=0.01s Sys=0.00s Real=0.01s
[2023-12-08T16:05:26.907+0000][gc,start    ] GC(4) Pause Young (Concurrent Start) (Metadata GC Threshold)
[2023-12-08T16:05:26.907+0000][gc,task     ] GC(4) Using 2 workers of 2 for evacuation
[2023-12-08T16:05:26.915+0000][gc,phases   ] GC(4)   Pre Evacuate Collection Set: 0.4ms
[2023-12-08T16:05:26.916+0000][gc,phases   ] GC(4)   Merge Heap Roots: 0.1ms
[2023-12-08T16:05:26.916+0000][gc,phases   ] GC(4)   Evacuate Collection Set: 7.2ms
[2023-12-08T16:05:26.916+0000][gc,phases   ] GC(4)   Post Evacuate Collection Set: 0.6ms
[2023-12-08T16:05:26.916+0000][gc,phases   ] GC(4)   Other: 0.2ms
[2023-12-08T16:05:26.916+0000][gc,heap     ] GC(4) Eden regions: 31->0(49)
[2023-12-08T16:05:26.916+0000][gc,heap     ] GC(4) Survivor regions: 5->2(7)
[2023-12-08T16:05:26.916+0000][gc,heap     ] GC(4) Old regions: 7->12
[2023-12-08T16:05:26.916+0000][gc,heap     ] GC(4) Archive regions: 2->2
[2023-12-08T16:05:26.916+0000][gc,heap     ] GC(4) Humongous regions: 129->129
[2023-12-08T16:05:26.916+0000][gc,metaspace] GC(4) Metaspace: 35997K(36416K)->35997K(36416K) NonClass: 31648K(31872K)->31648K(31872K) Class: 4348K(4544K)->4348K(4544K)
[2023-12-08T16:05:26.916+0000][gc          ] GC(4) Pause Young (Concurrent Start) (Metadata GC Threshold) 172M->143M(1024M) 9.109ms
[2023-12-08T16:05:26.916+0000][gc,cpu      ] GC(4) User=0.01s Sys=0.00s Real=0.01s
[2023-12-08T16:05:26.916+0000][gc          ] GC(5) Concurrent Mark Cycle
[2023-12-08T16:05:26.917+0000][gc,marking  ] GC(5) Concurrent Clear Claimed Marks
[2023-12-08T16:05:26.917+0000][gc,marking  ] GC(5) Concurrent Clear Claimed Marks 0.038ms
[2023-12-08T16:05:26.917+0000][gc,marking  ] GC(5) Concurrent Scan Root Regions
[2023-12-08T16:05:26.921+0000][gc,marking  ] GC(5) Concurrent Scan Root Regions 3.738ms
[2023-12-08T16:05:26.921+0000][gc,marking  ] GC(5) Concurrent Mark
[2023-12-08T16:05:26.921+0000][gc,marking  ] GC(5) Concurrent Mark From Roots
[2023-12-08T16:05:26.921+0000][gc,task     ] GC(5) Using 1 workers of 1 for marking
[2023-12-08T16:05:26.929+0000][gc,marking  ] GC(5) Concurrent Mark From Roots 7.848ms
[2023-12-08T16:05:26.930+0000][gc,marking  ] GC(5) Concurrent Preclean
[2023-12-08T16:05:26.930+0000][gc,marking  ] GC(5) Concurrent Preclean 0.214ms
[2023-12-08T16:05:26.930+0000][gc,start    ] GC(5) Pause Remark
[2023-12-08T16:05:26.937+0000][gc          ] GC(5) Pause Remark 143M->143M(1024M) 7.165ms
[2023-12-08T16:05:26.937+0000][gc,cpu      ] GC(5) User=0.01s Sys=0.00s Real=0.00s
[2023-12-08T16:05:26.938+0000][gc,marking  ] GC(5) Concurrent Mark 16.635ms
[2023-12-08T16:05:26.938+0000][gc,marking  ] GC(5) Concurrent Rebuild Remembered Sets
[2023-12-08T16:05:26.946+0000][gc,marking  ] GC(5) Concurrent Rebuild Remembered Sets 8.675ms
[2023-12-08T16:05:26.947+0000][gc,start    ] GC(5) Pause Cleanup
[2023-12-08T16:05:26.947+0000][gc          ] GC(5) Pause Cleanup 143M->143M(1024M) 0.302ms
[2023-12-08T16:05:26.947+0000][gc,cpu      ] GC(5) User=0.00s Sys=0.00s Real=0.00s
[2023-12-08T16:05:26.947+0000][gc,marking  ] GC(5) Concurrent Cleanup for Next Mark
[2023-12-08T16:05:26.950+0000][gc,marking  ] GC(5) Concurrent Cleanup for Next Mark 2.910ms
[2023-12-08T16:05:26.950+0000][gc          ] GC(5) Concurrent Mark Cycle 33.855ms
[2023-12-08T16:36:04.418+0000][gc,start    ] GC(6) Pause Young (Normal) (G1 Evacuation Pause)
[2023-12-08T16:36:04.418+0000][gc,task     ] GC(6) Using 2 workers of 2 for evacuation
[2023-12-08T16:36:04.431+0000][gc,phases   ] GC(6)   Pre Evacuate Collection Set: 1.1ms
[2023-12-08T16:36:04.431+0000][gc,phases   ] GC(6)   Merge Heap Roots: 0.1ms
[2023-12-08T16:36:04.431+0000][gc,phases   ] GC(6)   Evacuate Collection Set: 9.3ms
[2023-12-08T16:36:04.431+0000][gc,phases   ] GC(6)   Post Evacuate Collection Set: 2.0ms
[2023-12-08T16:36:04.431+0000][gc,phases   ] GC(6)   Other: 0.1ms
[2023-12-08T16:36:04.431+0000][gc,heap     ] GC(6) Eden regions: 49->0(48)
[2023-12-08T16:36:04.431+0000][gc,heap     ] GC(6) Survivor regions: 2->3(7)
[2023-12-08T16:36:04.431+0000][gc,heap     ] GC(6) Old regions: 12->12
[2023-12-08T16:36:04.431+0000][gc,heap     ] GC(6) Archive regions: 2->2
[2023-12-08T16:36:04.431+0000][gc,heap     ] GC(6) Humongous regions: 129->129
[2023-12-08T16:36:04.431+0000][gc,metaspace] GC(6) Metaspace: 36499K(36928K)->36499K(36928K) NonClass: 32144K(32384K)->32144K(32384K) Class: 4355K(4544K)->4355K(4544K)
[2023-12-08T16:36:04.431+0000][gc          ] GC(6) Pause Young (Normal) (G1 Evacuation Pause) 192M->144M(1024M) 12.833ms
[2023-12-08T16:36:04.431+0000][gc,cpu      ] GC(6) User=0.01s Sys=0.00s Real=0.02s
