[2023-11-10T15:54:12.418+0000][gc] Using G1
[2023-11-10T15:54:12.433+0000][gc,init] Version: 17.0.8.1+1-LTS (release)
[2023-11-10T15:54:12.433+0000][gc,init] CPUs: 2 total, 2 available
[2023-11-10T15:54:12.433+0000][gc,init] Memory: 7929M
[2023-11-10T15:54:12.433+0000][gc,init] Large Page Support: Disabled
[2023-11-10T15:54:12.433+0000][gc,init] NUMA Support: Disabled
[2023-11-10T15:54:12.433+0000][gc,init] Compressed Oops: Enabled (32-bit)
[2023-11-10T15:54:12.433+0000][gc,init] Heap Region Size: 1M
[2023-11-10T15:54:12.433+0000][gc,init] Heap Min Capacity: 1G
[2023-11-10T15:54:12.433+0000][gc,init] Heap Initial Capacity: 1G
[2023-11-10T15:54:12.434+0000][gc,init] Heap Max Capacity: 1G
[2023-11-10T15:54:12.434+0000][gc,init] Pre-touch: Disabled
[2023-11-10T15:54:12.434+0000][gc,init] Parallel Workers: 2
[2023-11-10T15:54:12.434+0000][gc,init] Concurrent Workers: 1
[2023-11-10T15:54:12.434+0000][gc,init] Concurrent Refinement Workers: 2
[2023-11-10T15:54:12.434+0000][gc,init] Periodic GC: Disabled
[2023-11-10T15:54:12.440+0000][gc,metaspace] CDS archive(s) mapped at: [0x00007f3f53000000-0x00007f3f53beb000-0x00007f3f53beb000), size 12496896, SharedBaseAddress: 0x00007f3f53000000, ArchiveRelocationMode: 1.
[2023-11-10T15:54:12.440+0000][gc,metaspace] Compressed class space mapped at: 0x00007f3f54000000-0x00007f3f94000000, reserved size: 1073741824
[2023-11-10T15:54:12.440+0000][gc,metaspace] Narrow klass base: 0x00007f3f53000000, Narrow klass shift: 0, Narrow klass range: 0x100000000
[2023-11-10T15:54:13.971+0000][gc,start    ] GC(0) Pause Young (Normal) (G1 Evacuation Pause)
[2023-11-10T15:54:13.971+0000][gc,task     ] GC(0) Using 2 workers of 2 for evacuation
[2023-11-10T15:54:13.984+0000][gc,phases   ] GC(0)   Pre Evacuate Collection Set: 0.2ms
[2023-11-10T15:54:13.984+0000][gc,phases   ] GC(0)   Merge Heap Roots: 0.1ms
[2023-11-10T15:54:13.984+0000][gc,phases   ] GC(0)   Evacuate Collection Set: 12.1ms
[2023-11-10T15:54:13.984+0000][gc,phases   ] GC(0)   Post Evacuate Collection Set: 0.5ms
[2023-11-10T15:54:13.984+0000][gc,phases   ] GC(0)   Other: 0.4ms
[2023-11-10T15:54:13.984+0000][gc,heap     ] GC(0) Eden regions: 51->0(44)
[2023-11-10T15:54:13.984+0000][gc,heap     ] GC(0) Survivor regions: 0->7(7)
[2023-11-10T15:54:13.984+0000][gc,heap     ] GC(0) Old regions: 0->0
[2023-11-10T15:54:13.984+0000][gc,heap     ] GC(0) Archive regions: 2->2
[2023-11-10T15:54:13.984+0000][gc,heap     ] GC(0) Humongous regions: 0->0
[2023-11-10T15:54:13.984+0000][gc,metaspace] GC(0) Metaspace: 19199K(19328K)->19199K(19328K) NonClass: 16649K(16704K)->16649K(16704K) Class: 2550K(2624K)->2550K(2624K)
[2023-11-10T15:54:13.984+0000][gc          ] GC(0) Pause Young (Normal) (G1 Evacuation Pause) 51M->7M(1024M) 13.397ms
[2023-11-10T15:54:13.984+0000][gc,cpu      ] GC(0) User=0.01s Sys=0.00s Real=0.01s
[2023-11-10T15:54:14.195+0000][gc,start    ] GC(1) Pause Young (Concurrent Start) (Metadata GC Threshold)
[2023-11-10T15:54:14.195+0000][gc,task     ] GC(1) Using 2 workers of 2 for evacuation
[2023-11-10T15:54:14.208+0000][gc,phases   ] GC(1)   Pre Evacuate Collection Set: 0.3ms
[2023-11-10T15:54:14.208+0000][gc,phases   ] GC(1)   Merge Heap Roots: 0.0ms
[2023-11-10T15:54:14.208+0000][gc,phases   ] GC(1)   Evacuate Collection Set: 11.7ms
[2023-11-10T15:54:14.208+0000][gc,phases   ] GC(1)   Post Evacuate Collection Set: 0.5ms
[2023-11-10T15:54:14.208+0000][gc,phases   ] GC(1)   Other: 0.2ms
[2023-11-10T15:54:14.208+0000][gc,heap     ] GC(1) Eden regions: 8->0(49)
[2023-11-10T15:54:14.208+0000][gc,heap     ] GC(1) Survivor regions: 7->2(7)
[2023-11-10T15:54:14.208+0000][gc,heap     ] GC(1) Old regions: 0->7
[2023-11-10T15:54:14.208+0000][gc,heap     ] GC(1) Archive regions: 2->2
[2023-11-10T15:54:14.208+0000][gc,heap     ] GC(1) Humongous regions: 129->129
[2023-11-10T15:54:14.208+0000][gc,metaspace] GC(1) Metaspace: 21305K(21504K)->21305K(21504K) NonClass: 18468K(18560K)->18468K(18560K) Class: 2836K(2944K)->2836K(2944K)
[2023-11-10T15:54:14.208+0000][gc          ] GC(1) Pause Young (Concurrent Start) (Metadata GC Threshold) 144M->138M(1024M) 12.825ms
[2023-11-10T15:54:14.208+0000][gc,cpu      ] GC(1) User=0.01s Sys=0.00s Real=0.01s
[2023-11-10T15:54:14.208+0000][gc          ] GC(2) Concurrent Mark Cycle
[2023-11-10T15:54:14.208+0000][gc,marking  ] GC(2) Concurrent Clear Claimed Marks
[2023-11-10T15:54:14.208+0000][gc,marking  ] GC(2) Concurrent Clear Claimed Marks 0.024ms
[2023-11-10T15:54:14.208+0000][gc,marking  ] GC(2) Concurrent Scan Root Regions
[2023-11-10T15:54:14.213+0000][gc,marking  ] GC(2) Concurrent Scan Root Regions 4.409ms
[2023-11-10T15:54:14.213+0000][gc,marking  ] GC(2) Concurrent Mark
[2023-11-10T15:54:14.213+0000][gc,marking  ] GC(2) Concurrent Mark From Roots
[2023-11-10T15:54:14.213+0000][gc,task     ] GC(2) Using 1 workers of 1 for marking
[2023-11-10T15:54:14.215+0000][gc,marking  ] GC(2) Concurrent Mark From Roots 2.342ms
[2023-11-10T15:54:14.215+0000][gc,marking  ] GC(2) Concurrent Preclean
[2023-11-10T15:54:14.215+0000][gc,marking  ] GC(2) Concurrent Preclean 0.064ms
[2023-11-10T15:54:14.216+0000][gc,start    ] GC(2) Pause Remark
[2023-11-10T15:54:14.219+0000][gc          ] GC(2) Pause Remark 139M->139M(1024M) 3.198ms
[2023-11-10T15:54:14.219+0000][gc,cpu      ] GC(2) User=0.00s Sys=0.00s Real=0.00s
[2023-11-10T15:54:14.219+0000][gc,marking  ] GC(2) Concurrent Mark 6.053ms
[2023-11-10T15:54:14.219+0000][gc,marking  ] GC(2) Concurrent Rebuild Remembered Sets
[2023-11-10T15:54:14.223+0000][gc,marking  ] GC(2) Concurrent Rebuild Remembered Sets 3.664ms
[2023-11-10T15:54:14.223+0000][gc,start    ] GC(2) Pause Cleanup
[2023-11-10T15:54:14.223+0000][gc          ] GC(2) Pause Cleanup 139M->139M(1024M) 0.079ms
[2023-11-10T15:54:14.223+0000][gc,cpu      ] GC(2) User=0.00s Sys=0.00s Real=0.00s
[2023-11-10T15:54:14.223+0000][gc,marking  ] GC(2) Concurrent Cleanup for Next Mark
[2023-11-10T15:54:14.235+0000][gc,marking  ] GC(2) Concurrent Cleanup for Next Mark 11.908ms
[2023-11-10T15:54:14.235+0000][gc          ] GC(2) Concurrent Mark Cycle 26.456ms
[2023-11-10T16:09:23.104+0000][gc,start    ] GC(3) Pause Young (Normal) (G1 Evacuation Pause)
[2023-11-10T16:09:23.104+0000][gc,task     ] GC(3) Using 2 workers of 2 for evacuation
[2023-11-10T16:09:23.110+0000][gc,phases   ] GC(3)   Pre Evacuate Collection Set: 0.1ms
[2023-11-10T16:09:23.110+0000][gc,phases   ] GC(3)   Merge Heap Roots: 0.1ms
[2023-11-10T16:09:23.110+0000][gc,phases   ] GC(3)   Evacuate Collection Set: 5.3ms
[2023-11-10T16:09:23.110+0000][gc,phases   ] GC(3)   Post Evacuate Collection Set: 0.4ms
[2023-11-10T16:09:23.110+0000][gc,phases   ] GC(3)   Other: 0.1ms
[2023-11-10T16:09:23.110+0000][gc,heap     ] GC(3) Eden regions: 49->0(46)
[2023-11-10T16:09:23.110+0000][gc,heap     ] GC(3) Survivor regions: 2->5(7)
[2023-11-10T16:09:23.110+0000][gc,heap     ] GC(3) Old regions: 7->7
[2023-11-10T16:09:23.110+0000][gc,heap     ] GC(3) Archive regions: 2->2
[2023-11-10T16:09:23.110+0000][gc,heap     ] GC(3) Humongous regions: 129->129
[2023-11-10T16:09:23.110+0000][gc,metaspace] GC(3) Metaspace: 32113K(32320K)->32113K(32320K) NonClass: 28308K(28416K)->28308K(28416K) Class: 3804K(3904K)->3804K(3904K)
[2023-11-10T16:09:23.110+0000][gc          ] GC(3) Pause Young (Normal) (G1 Evacuation Pause) 187M->141M(1024M) 6.065ms
[2023-11-10T16:09:23.110+0000][gc,cpu      ] GC(3) User=0.01s Sys=0.00s Real=0.01s
[2023-11-10T16:33:07.203+0000][gc,start    ] GC(4) Pause Young (Concurrent Start) (Metadata GC Threshold)
[2023-11-10T16:33:07.203+0000][gc,task     ] GC(4) Using 2 workers of 2 for evacuation
[2023-11-10T16:33:07.211+0000][gc,phases   ] GC(4)   Pre Evacuate Collection Set: 0.1ms
[2023-11-10T16:33:07.211+0000][gc,phases   ] GC(4)   Merge Heap Roots: 0.0ms
[2023-11-10T16:33:07.211+0000][gc,phases   ] GC(4)   Evacuate Collection Set: 6.2ms
[2023-11-10T16:33:07.211+0000][gc,phases   ] GC(4)   Post Evacuate Collection Set: 0.5ms
[2023-11-10T16:33:07.211+0000][gc,phases   ] GC(4)   Other: 0.9ms
[2023-11-10T16:33:07.211+0000][gc,heap     ] GC(4) Eden regions: 33->0(49)
[2023-11-10T16:33:07.211+0000][gc,heap     ] GC(4) Survivor regions: 5->2(7)
[2023-11-10T16:33:07.211+0000][gc,heap     ] GC(4) Old regions: 7->12
[2023-11-10T16:33:07.211+0000][gc,heap     ] GC(4) Archive regions: 2->2
[2023-11-10T16:33:07.211+0000][gc,heap     ] GC(4) Humongous regions: 129->129
[2023-11-10T16:33:07.211+0000][gc,metaspace] GC(4) Metaspace: 35762K(36160K)->35762K(36160K) NonClass: 31359K(31552K)->31359K(31552K) Class: 4403K(4608K)->4403K(4608K)
[2023-11-10T16:33:07.211+0000][gc          ] GC(4) Pause Young (Concurrent Start) (Metadata GC Threshold) 174M->143M(1024M) 8.288ms
[2023-11-10T16:33:07.211+0000][gc,cpu      ] GC(4) User=0.01s Sys=0.01s Real=0.01s
[2023-11-10T16:33:07.211+0000][gc          ] GC(5) Concurrent Mark Cycle
[2023-11-10T16:33:07.211+0000][gc,marking  ] GC(5) Concurrent Clear Claimed Marks
[2023-11-10T16:33:07.211+0000][gc,marking  ] GC(5) Concurrent Clear Claimed Marks 0.029ms
[2023-11-10T16:33:07.211+0000][gc,marking  ] GC(5) Concurrent Scan Root Regions
[2023-11-10T16:33:07.216+0000][gc,marking  ] GC(5) Concurrent Scan Root Regions 4.964ms
[2023-11-10T16:33:07.216+0000][gc,marking  ] GC(5) Concurrent Mark
[2023-11-10T16:33:07.216+0000][gc,marking  ] GC(5) Concurrent Mark From Roots
[2023-11-10T16:33:07.216+0000][gc,task     ] GC(5) Using 1 workers of 1 for marking
[2023-11-10T16:33:07.230+0000][gc,marking  ] GC(5) Concurrent Mark From Roots 13.645ms
[2023-11-10T16:33:07.230+0000][gc,marking  ] GC(5) Concurrent Preclean
[2023-11-10T16:33:07.230+0000][gc,marking  ] GC(5) Concurrent Preclean 0.194ms
[2023-11-10T16:33:07.230+0000][gc,start    ] GC(5) Pause Remark
[2023-11-10T16:33:07.242+0000][gc          ] GC(5) Pause Remark 143M->143M(1024M) 11.303ms
[2023-11-10T16:33:07.242+0000][gc,cpu      ] GC(5) User=0.02s Sys=0.00s Real=0.01s
[2023-11-10T16:33:07.246+0000][gc,marking  ] GC(5) Concurrent Mark 29.922ms
[2023-11-10T16:33:07.246+0000][gc,marking  ] GC(5) Concurrent Rebuild Remembered Sets
[2023-11-10T16:33:07.261+0000][gc,marking  ] GC(5) Concurrent Rebuild Remembered Sets 14.292ms
[2023-11-10T16:33:07.261+0000][gc,start    ] GC(5) Pause Cleanup
[2023-11-10T16:33:07.261+0000][gc          ] GC(5) Pause Cleanup 144M->144M(1024M) 0.094ms
[2023-11-10T16:33:07.261+0000][gc,cpu      ] GC(5) User=0.00s Sys=0.00s Real=0.00s
[2023-11-10T16:33:07.261+0000][gc,marking  ] GC(5) Concurrent Cleanup for Next Mark
[2023-11-10T16:33:07.282+0000][gc,marking  ] GC(5) Concurrent Cleanup for Next Mark 21.392ms
[2023-11-10T16:33:07.283+0000][gc          ] GC(5) Concurrent Mark Cycle 71.317ms
[2023-11-10T16:42:44.289+0000][gc,start    ] GC(6) Pause Young (Prepare Mixed) (G1 Evacuation Pause)
[2023-11-10T16:42:44.289+0000][gc,task     ] GC(6) Using 2 workers of 2 for evacuation
[2023-11-10T16:42:44.299+0000][gc,phases   ] GC(6)   Pre Evacuate Collection Set: 0.2ms
[2023-11-10T16:42:44.299+0000][gc,phases   ] GC(6)   Merge Heap Roots: 0.1ms
[2023-11-10T16:42:44.299+0000][gc,phases   ] GC(6)   Evacuate Collection Set: 8.1ms
[2023-11-10T16:42:44.299+0000][gc,phases   ] GC(6)   Post Evacuate Collection Set: 0.8ms
[2023-11-10T16:42:44.299+0000][gc,phases   ] GC(6)   Other: 0.9ms
[2023-11-10T16:42:44.299+0000][gc,heap     ] GC(6) Eden regions: 49->0(46)
[2023-11-10T16:42:44.299+0000][gc,heap     ] GC(6) Survivor regions: 2->5(7)
[2023-11-10T16:42:44.299+0000][gc,heap     ] GC(6) Old regions: 12->12
[2023-11-10T16:42:44.299+0000][gc,heap     ] GC(6) Archive regions: 2->2
[2023-11-10T16:42:44.299+0000][gc,heap     ] GC(6) Humongous regions: 129->129
[2023-11-10T16:42:44.299+0000][gc,metaspace] GC(6) Metaspace: 38384K(38848K)->38384K(38848K) NonClass: 33730K(33984K)->33730K(33984K) Class: 4653K(4864K)->4653K(4864K)
[2023-11-10T16:42:44.299+0000][gc          ] GC(6) Pause Young (Prepare Mixed) (G1 Evacuation Pause) 192M->146M(1024M) 10.541ms
[2023-11-10T16:42:44.299+0000][gc,cpu      ] GC(6) User=0.02s Sys=0.00s Real=0.01s
[2023-11-10T16:56:44.335+0000][gc,start    ] GC(7) Pause Young (Mixed) (G1 Evacuation Pause)
[2023-11-10T16:56:44.335+0000][gc,task     ] GC(7) Using 2 workers of 2 for evacuation
[2023-11-10T16:56:44.347+0000][gc,phases   ] GC(7)   Pre Evacuate Collection Set: 0.2ms
[2023-11-10T16:56:44.347+0000][gc,phases   ] GC(7)   Merge Heap Roots: 0.2ms
[2023-11-10T16:56:44.347+0000][gc,phases   ] GC(7)   Evacuate Collection Set: 10.6ms
[2023-11-10T16:56:44.347+0000][gc,phases   ] GC(7)   Post Evacuate Collection Set: 0.7ms
[2023-11-10T16:56:44.347+0000][gc,phases   ] GC(7)   Other: 0.1ms
[2023-11-10T16:56:44.347+0000][gc,heap     ] GC(7) Eden regions: 46->0(48)
[2023-11-10T16:56:44.347+0000][gc,heap     ] GC(7) Survivor regions: 5->3(7)
[2023-11-10T16:56:44.347+0000][gc,heap     ] GC(7) Old regions: 12->15
[2023-11-10T16:56:44.347+0000][gc,heap     ] GC(7) Archive regions: 2->2
[2023-11-10T16:56:44.347+0000][gc,heap     ] GC(7) Humongous regions: 129->129
[2023-11-10T16:56:44.347+0000][gc,metaspace] GC(7) Metaspace: 38553K(38976K)->38553K(38976K) NonClass: 33884K(34112K)->33884K(34112K) Class: 4669K(4864K)->4669K(4864K)
[2023-11-10T16:56:44.347+0000][gc          ] GC(7) Pause Young (Mixed) (G1 Evacuation Pause) 192M->146M(1024M) 12.042ms
[2023-11-10T16:56:44.347+0000][gc,cpu      ] GC(7) User=0.02s Sys=0.00s Real=0.01s
